
Discarded input sections

 .text          0x0000000000000000        0x0 build/obj/crt0.o
 .data          0x0000000000000000        0x0 build/obj/crt0.o
 .bss           0x0000000000000000        0x0 build/obj/crt0.o
 .text.__early_init
                0x0000000000000000       0x10 build/obj/crt0.o
 .text          0x0000000000000000        0x0 build/obj/vectors.o
 .data          0x0000000000000000        0x0 build/obj/vectors.o
 .bss           0x0000000000000000        0x0 build/obj/vectors.o
 .text          0x0000000000000000        0x0 build/obj/chcore.o
 .data          0x0000000000000000        0x0 build/obj/chcore.o
 .bss           0x0000000000000000        0x0 build/obj/chcore.o
 .text.port_halt
                0x0000000000000000       0x10 build/obj/chcore.o
 .debug_info    0x0000000000000000       0x92 build/obj/chcore.o
 .debug_abbrev  0x0000000000000000       0x42 build/obj/chcore.o
 .debug_aranges
                0x0000000000000000       0x20 build/obj/chcore.o
 .debug_ranges  0x0000000000000000       0x10 build/obj/chcore.o
 .debug_line    0x0000000000000000       0x58 build/obj/chcore.o
 .debug_str     0x0000000000000000      0x1f7 build/obj/chcore.o
 .comment       0x0000000000000000       0x71 build/obj/chcore.o
 .debug_frame   0x0000000000000000       0x20 build/obj/chcore.o
 .ARM.attributes
                0x0000000000000000       0x33 build/obj/chcore.o
 .text          0x0000000000000000        0x0 build/obj/chcore_v7m.o
 .data          0x0000000000000000        0x0 build/obj/chcore_v7m.o
 .bss           0x0000000000000000        0x0 build/obj/chcore_v7m.o
 .text          0x0000000000000000        0x0 build/obj/nvic.o
 .data          0x0000000000000000        0x0 build/obj/nvic.o
 .bss           0x0000000000000000        0x0 build/obj/nvic.o
 .text.nvicDisableVector
                0x0000000000000000       0x40 build/obj/nvic.o
 .text          0x0000000000000000        0x0 build/obj/chsys.o
 .data          0x0000000000000000        0x0 build/obj/chsys.o
 .bss           0x0000000000000000        0x0 build/obj/chsys.o
 .text          0x0000000000000000        0x0 build/obj/chdebug.o
 .data          0x0000000000000000        0x0 build/obj/chdebug.o
 .bss           0x0000000000000000        0x0 build/obj/chdebug.o
 .debug_info    0x0000000000000000       0x79 build/obj/chdebug.o
 .debug_abbrev  0x0000000000000000       0x26 build/obj/chdebug.o
 .debug_aranges
                0x0000000000000000       0x18 build/obj/chdebug.o
 .debug_line    0x0000000000000000       0x1d build/obj/chdebug.o
 .debug_str     0x0000000000000000      0x1e8 build/obj/chdebug.o
 .comment       0x0000000000000000       0x71 build/obj/chdebug.o
 .ARM.attributes
                0x0000000000000000       0x33 build/obj/chdebug.o
 .text          0x0000000000000000        0x0 build/obj/chlists.o
 .data          0x0000000000000000        0x0 build/obj/chlists.o
 .bss           0x0000000000000000        0x0 build/obj/chlists.o
 .debug_info    0x0000000000000000       0x79 build/obj/chlists.o
 .debug_abbrev  0x0000000000000000       0x26 build/obj/chlists.o
 .debug_aranges
                0x0000000000000000       0x18 build/obj/chlists.o
 .debug_line    0x0000000000000000       0x1d build/obj/chlists.o
 .debug_str     0x0000000000000000      0x1e8 build/obj/chlists.o
 .comment       0x0000000000000000       0x71 build/obj/chlists.o
 .ARM.attributes
                0x0000000000000000       0x33 build/obj/chlists.o
 .text          0x0000000000000000        0x0 build/obj/chvt.o
 .data          0x0000000000000000        0x0 build/obj/chvt.o
 .bss           0x0000000000000000        0x0 build/obj/chvt.o
 .text          0x0000000000000000        0x0 build/obj/chschd.o
 .data          0x0000000000000000        0x0 build/obj/chschd.o
 .bss           0x0000000000000000        0x0 build/obj/chschd.o
 .text          0x0000000000000000        0x0 build/obj/chthreads.o
 .data          0x0000000000000000        0x0 build/obj/chthreads.o
 .bss           0x0000000000000000        0x0 build/obj/chthreads.o
 .text          0x0000000000000000        0x0 build/obj/chdynamic.o
 .data          0x0000000000000000        0x0 build/obj/chdynamic.o
 .bss           0x0000000000000000        0x0 build/obj/chdynamic.o
 .text          0x0000000000000000        0x0 build/obj/chregistry.o
 .data          0x0000000000000000        0x0 build/obj/chregistry.o
 .bss           0x0000000000000000        0x0 build/obj/chregistry.o
 .text          0x0000000000000000        0x0 build/obj/chsem.o
 .data          0x0000000000000000        0x0 build/obj/chsem.o
 .bss           0x0000000000000000        0x0 build/obj/chsem.o
 .text.chSemWaitS
                0x0000000000000000       0x40 build/obj/chsem.o
 .text          0x0000000000000000        0x0 build/obj/chmtx.o
 .data          0x0000000000000000        0x0 build/obj/chmtx.o
 .bss           0x0000000000000000        0x0 build/obj/chmtx.o
 .text.chMtxTryLockS
[...]
Memory Configuration

Name             Origin             Length             Attributes
flash            0x0000000008000000 0x0000000000040000
ram              0x0000000020000000 0x000000000000a000
ccmram           0x0000000010000000 0x0000000000002000
*default*        0x0000000000000000 0xffffffffffffffff

Linker script and memory map

LOAD build/obj/crt0.o
LOAD build/obj/vectors.o
LOAD build/obj/chcore.o
LOAD build/obj/chcore_v7m.o
LOAD build/obj/nvic.o
LOAD build/obj/chsys.o
LOAD build/obj/chdebug.o
LOAD build/obj/chlists.o
LOAD build/obj/chvt.o
LOAD build/obj/chschd.o
LOAD build/obj/chthreads.o
LOAD build/obj/chdynamic.o
LOAD build/obj/chregistry.o
LOAD build/obj/chsem.o
LOAD build/obj/chmtx.o
LOAD build/obj/chcond.o
LOAD build/obj/chevents.o
LOAD build/obj/chmsg.o
LOAD build/obj/chmboxes.o
LOAD build/obj/chqueues.o
LOAD build/obj/chmemcore.o
LOAD build/obj/chheap.o
LOAD build/obj/chmempools.o
LOAD build/obj/test.o
LOAD build/obj/testthd.o
LOAD build/obj/testsem.o
LOAD build/obj/testmtx.o
LOAD build/obj/testmsg.o
LOAD build/obj/testmbox.o
LOAD build/obj/testevt.o
LOAD build/obj/testheap.o
LOAD build/obj/testpools.o
LOAD build/obj/testdyn.o
LOAD build/obj/testqueues.o
LOAD build/obj/testbmk.o
LOAD build/obj/hal.o
LOAD build/obj/adc.o
LOAD build/obj/can.o
LOAD build/obj/ext.o
LOAD build/obj/gpt.o
LOAD build/obj/i2c.o
LOAD build/obj/icu.o
LOAD build/obj/mac.o
LOAD build/obj/mmc_spi.o
LOAD build/obj/mmcsd.o
LOAD build/obj/pal.o
LOAD build/obj/pwm.o
LOAD build/obj/rtc.o
LOAD build/obj/sdc.o
LOAD build/obj/serial.o
LOAD build/obj/serial_usb.o
LOAD build/obj/spi.o
LOAD build/obj/tm.o
LOAD build/obj/uart.o
LOAD build/obj/usb.o
LOAD build/obj/stm32_dma.o
LOAD build/obj/hal_lld.o
LOAD build/obj/adc_lld.o
LOAD build/obj/ext_lld_isr.o
LOAD build/obj/can_lld.o
LOAD build/obj/ext_lld.o
LOAD build/obj/pal_lld.o
LOAD build/obj/i2c_lld.o
LOAD build/obj/rtc_lld.o
LOAD build/obj/spi_lld.o
LOAD build/obj/gpt_lld.o
LOAD build/obj/icu_lld.o
LOAD build/obj/pwm_lld.o
LOAD build/obj/serial_lld.o
LOAD build/obj/uart_lld.o
LOAD build/obj/usb_lld.o
LOAD build/obj/board.o
LOAD build/obj/main.o
                0x0000000000000400                __main_stack_size__ = 0x400
                0x0000000000000400                __process_stack_size__ = 0x400
                0x0000000020000000                __ram_start__ = ORIGIN (ram)
                0x000000000000a000                __ram_size__ = 0xa000
                0x000000002000a000                __ram_end__ = (__ram_start__ + __ram_size__)
                0x0000000000000000                . = 0x0
                0x0000000000000000                _text = .

startup         0x0000000008000000      0x188
 *(vectors)
 vectors        0x0000000008000000      0x188 build/obj/vectors.o
                0x0000000008000000                _vectors

constructors    0x0000000008000188        0x0
                0x0000000008000188                PROVIDE (__init_array_start, .)
 *(SORT(.init_array.*))
 *(.init_array)
                0x0000000008000188                PROVIDE (__init_array_end, .)

destructors     0x0000000008000188        0x0
                0x0000000008000188                PROVIDE (__fini_array_start, .)
 *(.fini_array)
 *(SORT(.fini_array.*))
                0x0000000008000188                PROVIDE (__fini_array_end, .)

.text           0x0000000008000190     0x6c18
 *(.text.startup.*)
 .text.startup.main
                0x0000000008000190       0x70 build/obj/main.o
                0x0000000008000190                main
 *(.text)
 *(.text.*)
 .text.__late_init
                0x0000000008000200       0x10 build/obj/crt0.o
                0x0000000008000200                __late_init
 .text._default_exit
                0x0000000008000210       0x10 build/obj/crt0.o
                0x0000000008000210                _default_exit
 .text.ResetHandler
                0x0000000008000220      0x100 build/obj/crt0.o
                0x0000000008000220                ResetHandler
 .text._unhandled_exception
                0x0000000008000320       0x10 build/obj/vectors.o
                0x0000000008000320                Vector58
                0x0000000008000320                VectorE8
                0x0000000008000320                Vector9C
                0x0000000008000320                VectorAC
                0x0000000008000320                Vector5C
                0x0000000008000320                NMIVector
                0x0000000008000320                Vector11C
                0x0000000008000320                Vector8C
                0x0000000008000320                VectorDC
                0x0000000008000320                Vector168
                0x0000000008000320                Vector110
                0x0000000008000320                Vector120
                0x0000000008000320                VectorC8
                0x0000000008000320                Vector94
                0x0000000008000320                VectorA8
                0x0000000008000320                VectorB4
                0x0000000008000320                Vector74
                0x0000000008000320                Vector160
                0x0000000008000320                VectorEC
                0x0000000008000320                UsageFaultVector
                0x0000000008000320                DebugMonitorVector
                0x0000000008000320                Vector40
                0x0000000008000320                VectorF8
                0x0000000008000320                Vector108
                0x0000000008000320                VectorBC
                0x0000000008000320                Vector150
                0x0000000008000320                Vector124
                0x0000000008000320                Vector148
                0x0000000008000320                PendSVVector
                0x0000000008000320                Vector118
                0x0000000008000320                Vector64
                0x0000000008000320                VectorCC
                0x0000000008000320                Vector54
                0x0000000008000320                Vector98
                0x0000000008000320                VectorD8
                0x0000000008000320                Vector138
                0x0000000008000320                Vector24
                0x0000000008000320                Vector178
                0x0000000008000320                Vector84
                0x0000000008000320                BusFaultVector
                0x0000000008000320                VectorD0
                0x0000000008000320                Vector140
                0x0000000008000320                VectorE4
                0x0000000008000320                VectorC0
                0x0000000008000320                Vector158
                0x0000000008000320                Vector130
                0x0000000008000320                HardFaultVector
                0x0000000008000320                Vector134
                0x0000000008000320                VectorF0
                0x0000000008000320                Vector12C
                0x0000000008000320                Vector13C
                0x0000000008000320                Vector100
                0x0000000008000320                VectorE0
                0x0000000008000320                VectorF4
                0x0000000008000320                MemManageVector
                0x0000000008000320                Vector6C
                0x0000000008000320                VectorA0
                0x0000000008000320                VectorC4
                0x0000000008000320                Vector7C
                0x0000000008000320                Vector180
                0x0000000008000320                VectorB0
                0x0000000008000320                Vector90
                0x0000000008000320                Vector114
                0x0000000008000320                Vector164
                0x0000000008000320                Vector60
                0x0000000008000320                Vector1C
                0x0000000008000320                Vector17C
                0x0000000008000320                Vector48
                0x0000000008000320                Vector16C
                0x0000000008000320                Vector70
                0x0000000008000320                Vector4C
                0x0000000008000320                Vector144
                0x0000000008000320                Vector80
                0x0000000008000320                Vector15C
                0x0000000008000320                Vector68
                0x0000000008000320                Vector78
                0x0000000008000320                _unhandled_exception
                0x0000000008000320                Vector170
                0x0000000008000320                Vector88
                0x0000000008000320                Vector104
                0x0000000008000320                Vector184
                0x0000000008000320                Vector10C
                0x0000000008000320                Vector14C
                0x0000000008000320                Vector50
                0x0000000008000320                Vector154
                0x0000000008000320                Vector44
                0x0000000008000320                Vector28
                0x0000000008000320                VectorB8
                0x0000000008000320                VectorFC
                0x0000000008000320                Vector34
                0x0000000008000320                Vector128
                0x0000000008000320                VectorA4
                0x0000000008000320                Vector20
                0x0000000008000320                Vector174
 .text._port_switch_from_isr
                0x0000000008000330       0x10 build/obj/chcore_v7m.o
                0x0000000008000330                _port_switch_from_isr
 .text.SVCallVector
                0x0000000008000340       0x20 build/obj/chcore_v7m.o
                0x0000000008000340                SVCallVector
 .text._port_init
                0x0000000008000360       0x30 build/obj/chcore_v7m.o
                0x0000000008000360                _port_init
 .text._port_irq_epilogue
                0x0000000008000390       0x80 build/obj/chcore_v7m.o
                0x0000000008000390                _port_irq_epilogue
 .text.SysTickVector
                0x0000000008000410       0x20 build/obj/chcore_v7m.o
                0x0000000008000410                SysTickVector
 .text._port_switch
                0x0000000008000430       0x10 build/obj/chcore_v7m.o
                0x0000000008000430                _port_switch
 .text._port_thread_start
                0x0000000008000440       0x10 build/obj/chcore_v7m.o
                0x0000000008000440                _port_thread_start
 .text.nvicEnableVector
                0x0000000008000450       0x50 build/obj/nvic.o
                0x0000000008000450                nvicEnableVector
 .text.nvicSetSystemHandlerPriority
                0x00000000080004a0       0x30 build/obj/nvic.o
                0x00000000080004a0                nvicSetSystemHandlerPriority
 .text._idle_thread
                0x00000000080004d0       0x20 build/obj/chsys.o
                0x00000000080004d0                _idle_thread
 .text.chSysInit
                0x00000000080004f0       0x60 build/obj/chsys.o
                0x00000000080004f0                chSysInit
 .text.chSysTimerHandlerI
                0x0000000008000550       0x60 build/obj/chsys.o
                0x0000000008000550                chSysTimerHandlerI
 .text._vt_init
                0x00000000080005b0       0x20 build/obj/chvt.o
                0x00000000080005b0                _vt_init
 .text.chVTSetI
                0x00000000080005d0       0x40 build/obj/chvt.o
                0x00000000080005d0                chVTSetI
 .text.chVTResetI
                0x0000000008000610       0x30 build/obj/chvt.o
                0x0000000008000610                chVTResetI
 .text.wakeup   0x0000000008000640       0x70 build/obj/chschd.o
 .text._scheduler_init
                0x00000000080006b0       0x20 build/obj/chschd.o
                0x00000000080006b0                _scheduler_init
 .text.chSchReadyI
                0x00000000080006d0       0x30 build/obj/chschd.o
                0x00000000080006d0                chSchReadyI
 .text.chSchGoSleepS
                0x0000000008000700       0x30 build/obj/chschd.o
                0x0000000008000700                chSchGoSleepS
 .text.chSchGoSleepTimeoutS
                0x0000000008000730       0x50 build/obj/chschd.o
                0x0000000008000730                chSchGoSleepTimeoutS
 .text.chSchWakeupS
                0x0000000008000780       0x60 build/obj/chschd.o
                0x0000000008000780                chSchWakeupS
 .text.chSchDoRescheduleBehind
                0x00000000080007e0       0x40 build/obj/chschd.o
                0x00000000080007e0                chSchDoRescheduleBehind
 .text.chSchDoRescheduleAhead
                0x0000000008000820       0x40 build/obj/chschd.o
                0x0000000008000820                chSchDoRescheduleAhead
 .text.chSchRescheduleS
                0x0000000008000860       0x20 build/obj/chschd.o
                0x0000000008000860                chSchRescheduleS
 .text.chSchDoReschedule
                0x0000000008000880       0x20 build/obj/chschd.o
                0x0000000008000880                chSchDoReschedule
 .text._thread_init
                0x00000000080008a0       0x50 build/obj/chthreads.o
                0x00000000080008a0                _thread_init
 .text.chThdCreateI
                0x00000000080008f0       0x70 build/obj/chthreads.o
                0x00000000080008f0                chThdCreateI
 .text.chThdCreateStatic
                0x0000000008000960       0x90 build/obj/chthreads.o
                0x0000000008000960                chThdCreateStatic
 .text.chThdSetPriority
                0x00000000080009f0       0x30 build/obj/chthreads.o
                0x00000000080009f0                chThdSetPriority
 .text.chThdResume
                0x0000000008000a20       0x20 build/obj/chthreads.o
                0x0000000008000a20                chThdResume
 .text.chThdTerminate
                0x0000000008000a40       0x20 build/obj/chthreads.o
                0x0000000008000a40                chThdTerminate
 .text.chThdSleep
                0x0000000008000a60       0x20 build/obj/chthreads.o
                0x0000000008000a60                chThdSleep
 .text.chThdSleepUntil
                0x0000000008000a80       0x30 build/obj/chthreads.o
                0x0000000008000a80                chThdSleepUntil
 .text.chThdYield
                0x0000000008000ab0       0x30 build/obj/chthreads.o
                0x0000000008000ab0                chThdYield
 .text.chThdExitS
                0x0000000008000ae0       0x40 build/obj/chthreads.o
                0x0000000008000ae0                chThdExitS
 .text.chThdExit
                0x0000000008000b20       0x10 build/obj/chthreads.o
                0x0000000008000b20                chThdExit
 .text.chThdWait
                0x0000000008000b30       0x40 build/obj/chthreads.o
                0x0000000008000b30                chThdWait
 .text.chThdAddRef
                0x0000000008000b70       0x20 build/obj/chdynamic.o
                0x0000000008000b70                chThdAddRef
 .text.chThdRelease
                0x0000000008000b90       0x50 build/obj/chdynamic.o
                0x0000000008000b90                chThdRelease
 .text.chThdCreateFromHeap
                0x0000000008000be0       0x40 build/obj/chdynamic.o
                0x0000000008000be0                chThdCreateFromHeap
 .text.chThdCreateFromMemoryPool
                0x0000000008000c20       0x50 build/obj/chdynamic.o
                0x0000000008000c20                chThdCreateFromMemoryPool
 .text.chRegFirstThread
                0x0000000008000c70       0x20 build/obj/chregistry.o
                0x0000000008000c70                chRegFirstThread
 .text.chRegNextThread
                0x0000000008000c90       0x30 build/obj/chregistry.o
                0x0000000008000c90                chRegNextThread
 .text.chSemInit
                0x0000000008000cc0       0x10 build/obj/chsem.o
                0x0000000008000cc0                chSemInit
 .text.chSemResetI
                0x0000000008000cd0       0x30 build/obj/chsem.o
                0x0000000008000cd0                chSemResetI
 .text.chSemReset
                0x0000000008000d00       0x20 build/obj/chsem.o
                0x0000000008000d00                chSemReset
 .text.chSemWait
                0x0000000008000d20       0x50 build/obj/chsem.o
                0x0000000008000d20                chSemWait
 .text.chSemWaitTimeoutS
                0x0000000008000d70       0x40 build/obj/chsem.o
                0x0000000008000d70                chSemWaitTimeoutS
 .text.chSemWaitTimeout
                0x0000000008000db0       0x20 build/obj/chsem.o
                0x0000000008000db0                chSemWaitTimeout
 .text.chSemSignal
                0x0000000008000dd0       0x40 build/obj/chsem.o
                0x0000000008000dd0                chSemSignal
 .text.chSemSignalI
                0x0000000008000e10       0x20 build/obj/chsem.o
                0x0000000008000e10                chSemSignalI
 .text.chSemAddCounterI
                0x0000000008000e30       0x30 build/obj/chsem.o
                0x0000000008000e30                chSemAddCounterI
 .text.chSemSignalWait
                0x0000000008000e60       0x70 build/obj/chsem.o
                0x0000000008000e60                chSemSignalWait
 .text.chMtxInit
                0x0000000008000ed0       0x10 build/obj/chmtx.o
                0x0000000008000ed0                chMtxInit
 .text.chMtxLockS
                0x0000000008000ee0       0xd0 build/obj/chmtx.o
                0x0000000008000ee0                chMtxLockS
 .text.chMtxLock
                0x0000000008000fb0       0x20 build/obj/chmtx.o
                0x0000000008000fb0                chMtxLock
 .text.chMtxTryLock
                0x0000000008000fd0       0x30 build/obj/chmtx.o
                0x0000000008000fd0                chMtxTryLock
 .text.chMtxUnlock
                0x0000000008001000       0x70 build/obj/chmtx.o
                0x0000000008001000                chMtxUnlock
 .text.chMtxUnlockS
                0x0000000008001070       0x50 build/obj/chmtx.o
                0x0000000008001070                chMtxUnlockS
 .text.chMtxUnlockAll
                0x00000000080010c0       0x60 build/obj/chmtx.o
                0x00000000080010c0                chMtxUnlockAll
 .text.chCondInit
                0x0000000008001120       0x10 build/obj/chcond.o
                0x0000000008001120                chCondInit
 .text.chCondSignal
                0x0000000008001130       0x30 build/obj/chcond.o
                0x0000000008001130                chCondSignal
 .text.chCondSignalI
                0x0000000008001160       0x20 build/obj/chcond.o
                0x0000000008001160                chCondSignalI
 .text.chCondBroadcastI
                0x0000000008001180       0x30 build/obj/chcond.o
                0x0000000008001180                chCondBroadcastI
 .text.chCondBroadcast
                0x00000000080011b0       0x20 build/obj/chcond.o
                0x00000000080011b0                chCondBroadcast
 .text.chCondWaitS
                0x00000000080011d0       0x50 build/obj/chcond.o
                0x00000000080011d0                chCondWaitS
 .text.chCondWait
                0x0000000008001220       0x20 build/obj/chcond.o
                0x0000000008001220                chCondWait
 .text.chCondWaitTimeoutS
                0x0000000008001240       0x50 build/obj/chcond.o
                0x0000000008001240                chCondWaitTimeoutS
 .text.chCondWaitTimeout
                0x0000000008001290       0x20 build/obj/chcond.o
                0x0000000008001290                chCondWaitTimeout
 .text.chEvtRegisterMask
                0x00000000080012b0       0x30 build/obj/chevents.o
                0x00000000080012b0                chEvtRegisterMask
 .text.chEvtUnregister
                0x00000000080012e0       0x30 build/obj/chevents.o
                0x00000000080012e0                chEvtUnregister
 .text.chEvtGetAndClearEvents
                0x0000000008001310       0x20 build/obj/chevents.o
                0x0000000008001310                chEvtGetAndClearEvents
 .text.chEvtAddEvents
                0x0000000008001330       0x20 build/obj/chevents.o
                0x0000000008001330                chEvtAddEvents
 .text.chEvtSignalI
                0x0000000008001350       0x30 build/obj/chevents.o
                0x0000000008001350                chEvtSignalI
 .text.chEvtBroadcastFlagsI
                0x0000000008001380       0x20 build/obj/chevents.o
                0x0000000008001380                chEvtBroadcastFlagsI
 .text.chEvtSignal
                0x00000000080013a0       0x20 build/obj/chevents.o
                0x00000000080013a0                chEvtSignal
 .text.chEvtBroadcastFlags
                0x00000000080013c0       0x20 build/obj/chevents.o
                0x00000000080013c0                chEvtBroadcastFlags
 .text.chEvtDispatch
                0x00000000080013e0       0x40 build/obj/chevents.o
                0x00000000080013e0                chEvtDispatch
 .text.chEvtWaitOne
                0x0000000008001420       0x40 build/obj/chevents.o
                0x0000000008001420                chEvtWaitOne
 .text.chEvtWaitAny
                0x0000000008001460       0x40 build/obj/chevents.o
                0x0000000008001460                chEvtWaitAny
 .text.chEvtWaitAll
                0x00000000080014a0       0x40 build/obj/chevents.o
                0x00000000080014a0                chEvtWaitAll
 .text.chEvtWaitOneTimeout
                0x00000000080014e0       0x60 build/obj/chevents.o
                0x00000000080014e0                chEvtWaitOneTimeout
 .text.chEvtWaitAnyTimeout
                0x0000000008001540       0x60 build/obj/chevents.o
                0x0000000008001540                chEvtWaitAnyTimeout
 .text.chEvtWaitAllTimeout
                0x00000000080015a0       0x50 build/obj/chevents.o
                0x00000000080015a0                chEvtWaitAllTimeout
 .text.chMsgSend
                0x00000000080015f0       0x40 build/obj/chmsg.o
                0x00000000080015f0                chMsgSend
 .text.chMsgWait
                0x0000000008001630       0x40 build/obj/chmsg.o
                0x0000000008001630                chMsgWait
 .text.chMsgRelease
                0x0000000008001670       0x20 build/obj/chmsg.o
                0x0000000008001670                chMsgRelease
 .text.chMBInit
                0x0000000008001690       0x30 build/obj/chmboxes.o
                0x0000000008001690                chMBInit
 .text.chMBReset
                0x00000000080016c0       0x40 build/obj/chmboxes.o
                0x00000000080016c0                chMBReset
 .text.chMBPostS
                0x0000000008001700       0x40 build/obj/chmboxes.o
                0x0000000008001700                chMBPostS
 .text.chMBPost
                0x0000000008001740       0x20 build/obj/chmboxes.o
                0x0000000008001740                chMBPost
 .text.chMBPostI
                0x0000000008001760       0x40 build/obj/chmboxes.o
                0x0000000008001760                chMBPostI
 .text.chMBPostAheadS
                0x00000000080017a0       0x40 build/obj/chmboxes.o
                0x00000000080017a0                chMBPostAheadS
 .text.chMBPostAhead
                0x00000000080017e0       0x20 build/obj/chmboxes.o
                0x00000000080017e0                chMBPostAhead
 .text.chMBPostAheadI
                0x0000000008001800       0x30 build/obj/chmboxes.o
                0x0000000008001800                chMBPostAheadI
 .text.chMBFetchS
                0x0000000008001830       0x40 build/obj/chmboxes.o
                0x0000000008001830                chMBFetchS
 .text.chMBFetch
                0x0000000008001870       0x20 build/obj/chmboxes.o
                0x0000000008001870                chMBFetch
 .text.chMBFetchI
                0x0000000008001890       0x40 build/obj/chmboxes.o
                0x0000000008001890                chMBFetchI
 .text.qwait    0x00000000080018d0       0x30 build/obj/chqueues.o
 .text.chIQInit
                0x0000000008001900       0x20 build/obj/chqueues.o
                0x0000000008001900                chIQInit
 .text.chIQResetI
                0x0000000008001920       0x30 build/obj/chqueues.o
                0x0000000008001920                chIQResetI
 .text.chIQPutI
                0x0000000008001950       0x50 build/obj/chqueues.o
                0x0000000008001950                chIQPutI
 .text.chIQGetTimeout
                0x00000000080019a0       0x50 build/obj/chqueues.o
                0x00000000080019a0                chIQGetTimeout
 .text.chIQReadTimeout
                0x00000000080019f0       0x70 build/obj/chqueues.o
                0x00000000080019f0                chIQReadTimeout
 .text.chOQInit
                0x0000000008001a60       0x20 build/obj/chqueues.o
                0x0000000008001a60                chOQInit
 .text.chOQResetI
                0x0000000008001a80       0x30 build/obj/chqueues.o
                0x0000000008001a80                chOQResetI
 .text.chOQPutTimeout
                0x0000000008001ab0       0x60 build/obj/chqueues.o
                0x0000000008001ab0                chOQPutTimeout
 .text.chOQGetI
                0x0000000008001b10       0x50 build/obj/chqueues.o
                0x0000000008001b10                chOQGetI
 .text.chOQWriteTimeout
                0x0000000008001b60       0x90 build/obj/chqueues.o
                0x0000000008001b60                chOQWriteTimeout
 .text._core_init
                0x0000000008001bf0       0x30 build/obj/chmemcore.o
                0x0000000008001bf0                _core_init
 .text.chCoreAlloc
                0x0000000008001c20       0x40 build/obj/chmemcore.o
                0x0000000008001c20                chCoreAlloc
 .text.chCoreStatus
                0x0000000008001c60       0x20 build/obj/chmemcore.o
                0x0000000008001c60                chCoreStatus
 .text._heap_init
                0x0000000008001c80       0x20 build/obj/chheap.o
                0x0000000008001c80                _heap_init
 .text.chHeapInit
                0x0000000008001ca0       0x20 build/obj/chheap.o
                0x0000000008001ca0                chHeapInit
 .text.chHeapAlloc
                0x0000000008001cc0       0x80 build/obj/chheap.o
                0x0000000008001cc0                chHeapAlloc
 .text.chHeapFree
                0x0000000008001d40       0x90 build/obj/chheap.o
                0x0000000008001d40                chHeapFree
 .text.chHeapStatus
                0x0000000008001dd0       0x40 build/obj/chheap.o
                0x0000000008001dd0                chHeapStatus
 .text.chPoolInit
                0x0000000008001e10       0x10 build/obj/chmempools.o
                0x0000000008001e10                chPoolInit
 .text.chPoolLoadArray
                0x0000000008001e20       0x20 build/obj/chmempools.o
                0x0000000008001e20                chPoolLoadArray
 .text.chPoolAlloc
                0x0000000008001e40       0x30 build/obj/chmempools.o
                0x0000000008001e40                chPoolAlloc
 .text.chPoolFree
                0x0000000008001e70       0x20 build/obj/chmempools.o
                0x0000000008001e70                chPoolFree
 .text.tmr      0x0000000008001e90       0x10 build/obj/test.o
 .text.print_line
                0x0000000008001ea0       0x30 build/obj/test.o
 .text.test_printn
                0x0000000008001ed0       0x60 build/obj/test.o
                0x0000000008001ed0                test_printn
 .text.test_print
                0x0000000008001f30       0x20 build/obj/test.o
                0x0000000008001f30                test_print
 .text.test_println
                0x0000000008001f50       0x40 build/obj/test.o
                0x0000000008001f50                test_println
 .text.test_emit_token
                0x0000000008001f90       0x20 build/obj/test.o
                0x0000000008001f90                test_emit_token
 .text._test_assert
                0x0000000008001fb0       0x30 build/obj/test.o
                0x0000000008001fb0                _test_assert
 .text._test_assert_sequence
                0x0000000008001fe0       0x50 build/obj/test.o
                0x0000000008001fe0                _test_assert_sequence
 .text._test_assert_time_window
                0x0000000008002030       0x40 build/obj/test.o
                0x0000000008002030                _test_assert_time_window
 .text.test_terminate_threads
                0x0000000008002070       0x20 build/obj/test.o
                0x0000000008002070                test_terminate_threads
 .text.test_wait_threads
                0x0000000008002090       0x30 build/obj/test.o
                0x0000000008002090                test_wait_threads
 .text.test_cpu_pulse
                0x00000000080020c0       0x50 build/obj/test.o
                0x00000000080020c0                test_cpu_pulse
 .text.test_wait_tick
                0x0000000008002110       0x20 build/obj/test.o
                0x0000000008002110                test_wait_tick
 .text.test_start_timer
                0x0000000008002130       0x50 build/obj/test.o
                0x0000000008002130                test_start_timer
 .text.TestThread
                0x0000000008002180      0x320 build/obj/test.o
                0x0000000008002180                TestThread
 .text.thd1_execute
                0x00000000080024a0       0xd0 build/obj/testthd.o
 .text.thread   0x0000000008002570       0x10 build/obj/testthd.o
 .text.thd2_execute
                0x0000000008002580       0xe0 build/obj/testthd.o
 .text.thd3_execute
                0x0000000008002660      0x130 build/obj/testthd.o
 .text.thd4_execute
                0x0000000008002790       0x80 build/obj/testthd.o
 .text.sem1_execute
                0x0000000008002810      0x150 build/obj/testsem.o
 .text.thread3  0x0000000008002960       0x20 build/obj/testsem.o
 .text.thread1  0x0000000008002980       0x20 build/obj/testsem.o
 .text.sem1_setup
                0x00000000080029a0       0x10 build/obj/testsem.o
 .text.sem2_setup
                0x00000000080029b0       0x10 build/obj/testsem.o
 .text.sem3_setup
                0x00000000080029c0       0x10 build/obj/testsem.o
 .text.thread2  0x00000000080029d0       0x30 build/obj/testsem.o
 .text.thread4  0x0000000008002a00       0x30 build/obj/testsem.o
 .text.sem4_execute
                0x0000000008002a30      0x110 build/obj/testsem.o
 .text.sem2_execute
                0x0000000008002b40      0x150 build/obj/testsem.o
 .text.sem3_execute
                0x0000000008002c90       0xa0 build/obj/testsem.o
 .text.mtx1_execute
                0x0000000008002d30       0xe0 build/obj/testmtx.o
 .text.thread1  0x0000000008002e10       0x20 build/obj/testmtx.o
 .text.thread12
                0x0000000008002e30       0x20 build/obj/testmtx.o
 .text.mtx1_setup
                0x0000000008002e50       0x10 build/obj/testmtx.o
 .text.mtx2_setup
                0x0000000008002e60       0x10 build/obj/testmtx.o
 .text.mtx3_setup
                0x0000000008002e70       0x20 build/obj/testmtx.o
 .text.mtx4_setup
                0x0000000008002e90       0x20 build/obj/testmtx.o
 .text.mtx5_setup
                0x0000000008002eb0       0x10 build/obj/testmtx.o
 .text.mtx2_execute
                0x0000000008002ec0       0xb0 build/obj/testmtx.o
 .text.mtx3_execute
                0x0000000008002f70       0xe0 build/obj/testmtx.o
 .text.thread2L
                0x0000000008003050       0x30 build/obj/testmtx.o
 .text.thread3LL
                0x0000000008003080       0x20 build/obj/testmtx.o
 .text.thread2M
                0x00000000080030a0       0x20 build/obj/testmtx.o
 .text.thread2H
                0x00000000080030c0       0x30 build/obj/testmtx.o
 .text.thread3HH
                0x00000000080030f0       0x30 build/obj/testmtx.o
 .text.thread3H
                0x0000000008003120       0x20 build/obj/testmtx.o
 .text.thread3M
                0x0000000008003140       0x30 build/obj/testmtx.o
 .text.thread3L
                0x0000000008003170       0x40 build/obj/testmtx.o
 .text.thread4b
                0x00000000080031b0       0x20 build/obj/testmtx.o
 .text.thread4a
                0x00000000080031d0       0x20 build/obj/testmtx.o
 .text.mtx4_execute
                0x00000000080031f0      0x260 build/obj/testmtx.o
 .text.mtx5_execute
                0x0000000008003450       0xc0 build/obj/testmtx.o
 .text.mtx6_execute
                0x0000000008003510       0xf0 build/obj/testmtx.o
 .text.thread10
                0x0000000008003600       0x30 build/obj/testmtx.o
 .text.mtx6_setup
                0x0000000008003630       0x20 build/obj/testmtx.o
 .text.mtx7_setup
                0x0000000008003650       0x20 build/obj/testmtx.o
 .text.mtx8_setup
                0x0000000008003670       0x30 build/obj/testmtx.o
 .text.mtx7_execute
                0x00000000080036a0       0xc0 build/obj/testmtx.o
 .text.mtx8_execute
                0x0000000008003760       0xa0 build/obj/testmtx.o
 .text.thread11
                0x0000000008003800       0x40 build/obj/testmtx.o
 .text.msg1_execute
                0x0000000008003840       0x80 build/obj/testmsg.o
 .text.thread   0x00000000080038c0       0x20 build/obj/testmsg.o
 .text.mbox1_execute
                0x00000000080038e0      0x600 build/obj/testmbox.o
 .text.mbox1_setup
                0x0000000008003ee0       0x20 build/obj/testmbox.o
 .text.evt1_execute
                0x0000000008003f00       0x90 build/obj/testevt.o
 .text.h3       0x0000000008003f90       0x10 build/obj/testevt.o
 .text.h2       0x0000000008003fa0       0x10 build/obj/testevt.o
 .text.h1       0x0000000008003fb0       0x10 build/obj/testevt.o
 .text.evt1_setup
                0x0000000008003fc0       0x10 build/obj/testevt.o
 .text.evt2_setup
                0x0000000008003fd0       0x10 build/obj/testevt.o
 .text.evt3_setup
                0x0000000008003fe0       0x10 build/obj/testevt.o
 .text.evt2_execute
                0x0000000008003ff0      0x250 build/obj/testevt.o
 .text.thread2  0x0000000008004240       0x30 build/obj/testevt.o
 .text.thread1  0x0000000008004270       0x20 build/obj/testevt.o
 .text.evt3_execute
                0x0000000008004290       0xa0 build/obj/testevt.o
 .text.heap1_execute
                0x0000000008004330      0x250 build/obj/testheap.o
 .text.heap1_setup
                0x0000000008004580       0x20 build/obj/testheap.o
 .text.null_provider
                0x00000000080045a0       0x10 build/obj/testpools.o
 .text.pools1_setup
                0x00000000080045b0       0x10 build/obj/testpools.o
 .text.pools1_execute
                0x00000000080045c0       0xc0 build/obj/testpools.o
 .text.dyn1_execute
                0x0000000008004680      0x100 build/obj/testdyn.o
 .text.thread   0x0000000008004780       0x10 build/obj/testdyn.o
 .text.dyn1_setup
                0x0000000008004790       0x20 build/obj/testdyn.o
 .text.dyn3_setup
                0x00000000080047b0       0x20 build/obj/testdyn.o
 .text.dyn2_execute
                0x00000000080047d0      0x100 build/obj/testdyn.o
 .text.dyn2_setup
                0x00000000080048d0       0x10 build/obj/testdyn.o
 .text.regfind  0x00000000080048e0       0x30 build/obj/testdyn.o
 .text.dyn3_execute
                0x0000000008004910      0x130 build/obj/testdyn.o
 .text.notify   0x0000000008004a40       0x10 build/obj/testqueues.o
 .text.thread1  0x0000000008004a50       0x20 build/obj/testqueues.o
 .text.queues1_setup
                0x0000000008004a70       0x30 build/obj/testqueues.o
 .text.thread2  0x0000000008004aa0       0x20 build/obj/testqueues.o
 .text.queues2_setup
                0x0000000008004ac0       0x30 build/obj/testqueues.o
 .text.queues1_execute
                0x0000000008004af0      0x280 build/obj/testqueues.o
 .text.queues2_execute
                0x0000000008004d70      0x260 build/obj/testqueues.o
 .text.thread2  0x0000000008004fd0       0x10 build/obj/testbmk.o
 .text.tmo      0x0000000008004fe0       0x10 build/obj/testbmk.o
 .text.bmk13_execute
                0x0000000008004ff0       0xf0 build/obj/testbmk.o
 .text.thread1  0x00000000080050e0       0x20 build/obj/testbmk.o
 .text.bmk6_execute
                0x0000000008005100       0x70 build/obj/testbmk.o
 .text.msg_loop_test
                0x0000000008005170       0x40 build/obj/testbmk.o
 .text.bmk1_execute
                0x00000000080051b0       0x70 build/obj/testbmk.o
 .text.bmk2_execute
                0x0000000008005220       0x70 build/obj/testbmk.o
 .text.bmk3_execute
                0x0000000008005290       0xe0 build/obj/testbmk.o
 .text.thread4  0x0000000008005370       0x30 build/obj/testbmk.o
                0x0000000008005370                thread4
 .text.bmk4_execute
                0x00000000080053a0       0xc0 build/obj/testbmk.o
 .text.bmk5_execute
                0x0000000008005460       0x80 build/obj/testbmk.o
 .text.bmk7_execute
                0x00000000080054e0      0x110 build/obj/testbmk.o
 .text.thread3  0x00000000080055f0       0x30 build/obj/testbmk.o
 .text.bmk7_setup
                0x0000000008005620       0x10 build/obj/testbmk.o
 .text.bmk11_setup
                0x0000000008005630       0x10 build/obj/testbmk.o
 .text.bmk8_execute
                0x0000000008005640       0xe0 build/obj/testbmk.o
 .text.thread8  0x0000000008005720       0x30 build/obj/testbmk.o
 .text.bmk9_execute
                0x0000000008005750       0xb0 build/obj/testbmk.o
 .text.bmk10_execute
                0x0000000008005800       0x80 build/obj/testbmk.o
 .text.bmk11_execute
                0x0000000008005880       0x70 build/obj/testbmk.o
 .text.bmk12_execute
                0x00000000080058f0       0x70 build/obj/testbmk.o
 .text.bmk12_setup
                0x0000000008005960       0x10 build/obj/testbmk.o
 .text.halInit  0x0000000008005970       0x20 build/obj/hal.o
                0x0000000008005970                halInit
 .text.readt    0x0000000008005990       0x10 build/obj/serial.o
 .text.read     0x00000000080059a0       0x10 build/obj/serial.o
 .text.writet   0x00000000080059b0       0x10 build/obj/serial.o
 .text.write    0x00000000080059c0       0x10 build/obj/serial.o
 .text.gett     0x00000000080059d0       0x10 build/obj/serial.o
 .text.get      0x00000000080059e0       0x10 build/obj/serial.o
 .text.putt     0x00000000080059f0       0x10 build/obj/serial.o
 .text.put      0x0000000008005a00       0x10 build/obj/serial.o
 .text.sdInit   0x0000000008005a10       0x10 build/obj/serial.o
                0x0000000008005a10                sdInit
 .text.sdObjectInit
                0x0000000008005a20       0x40 build/obj/serial.o
                0x0000000008005a20                sdObjectInit
 .text.sdStart  0x0000000008005a60       0x20 build/obj/serial.o
                0x0000000008005a60                sdStart
 .text.sdIncomingDataI
                0x0000000008005a80       0x40 build/obj/serial.o
                0x0000000008005a80                sdIncomingDataI
 .text.hal_lld_init
                0x0000000008005ac0       0xc0 build/obj/hal_lld.o
                0x0000000008005ac0                hal_lld_init
 .text.stm32_clock_init
                0x0000000008005b80       0xa0 build/obj/hal_lld.o
                0x0000000008005b80                stm32_clock_init
 .text._pal_lld_init
                0x0000000008005c20      0x100 build/obj/pal_lld.o
                0x0000000008005c20                _pal_lld_init
 .text._pal_lld_setgroupmode
                0x0000000008005d20       0xb0 build/obj/pal_lld.o
                0x0000000008005d20                _pal_lld_setgroupmode
 .text.notify1  0x0000000008005dd0       0x10 build/obj/serial_lld.o
 .text.VectorD4
                0x0000000008005de0      0x100 build/obj/serial_lld.o
                0x0000000008005de0                VectorD4
 .text.sd_lld_init
                0x0000000008005ee0       0x30 build/obj/serial_lld.o
                0x0000000008005ee0                sd_lld_init
 .text.sd_lld_start
                0x0000000008005f10       0x70 build/obj/serial_lld.o
                0x0000000008005f10                sd_lld_start
 .text.__early_init
                0x0000000008005f80       0x10 build/obj/board.o
                0x0000000008005f80                __early_init
 .text.boardInit
                0x0000000008005f90       0x10 build/obj/board.o
                0x0000000008005f90                boardInit
 .text.Thread1  0x0000000008005fa0       0x90 build/obj/main.o
 *(.rodata)
 *(.rodata.*)
 .rodata.str1.4
                0x0000000008006030        0x5 build/obj/chsys.o
                                          0x8 (size before relaxing)
 *fill*         0x0000000008006035        0xb 
 .rodata.ch_debug
                0x0000000008006040       0x18 build/obj/chregistry.o
                0x0000000008006040                ch_debug
 *fill*         0x0000000008006058        0x8 
 .rodata.wa     0x0000000008006060       0x14 build/obj/test.o
                0x0000000008006060                wa
 *fill*         0x0000000008006074        0xc 
 .rodata.str1.4
                0x0000000008006080      0x1fd build/obj/test.o
                                        0x20c (size before relaxing)
 *fill*         0x000000000800627d        0x3 
 .rodata.patterns
                0x0000000008006280       0x30 build/obj/test.o
 .rodata.testthd1
                0x00000000080062b0       0x10 build/obj/testthd.o
                0x00000000080062b0                testthd1
 .rodata.testthd2
                0x00000000080062c0       0x10 build/obj/testthd.o
                0x00000000080062c0                testthd2
 .rodata.testthd3
                0x00000000080062d0       0x10 build/obj/testthd.o
                0x00000000080062d0                testthd3
 .rodata.testthd4
                0x00000000080062e0       0x10 build/obj/testthd.o
                0x00000000080062e0                testthd4
 .rodata.patternthd
                0x00000000080062f0       0x14 build/obj/testthd.o
                0x00000000080062f0                patternthd
 *fill*         0x0000000008006304        0xc 
 .rodata.str1.4
                0x0000000008006310       0x7b build/obj/testthd.o
                                         0x80 (size before relaxing)
 *fill*         0x000000000800638b        0x5 
 .rodata.testsem1
                0x0000000008006390       0x10 build/obj/testsem.o
                0x0000000008006390                testsem1
 .rodata.testsem2
                0x00000000080063a0       0x10 build/obj/testsem.o
                0x00000000080063a0                testsem2
 .rodata.testsem3
                0x00000000080063b0       0x10 build/obj/testsem.o
                0x00000000080063b0                testsem3
 .rodata.testsem4
                0x00000000080063c0       0x10 build/obj/testsem.o
                0x00000000080063c0                testsem4
 .rodata.patternsem
                0x00000000080063d0       0x14 build/obj/testsem.o
                0x00000000080063d0                patternsem
 *fill*         0x00000000080063e4        0xc 
 .rodata.str1.4
                0x00000000080063f0       0x6e build/obj/testsem.o
                                         0x8c (size before relaxing)
 *fill*         0x000000000800645e        0x2 
 .rodata.testmtx5
                0x0000000008006460       0x10 build/obj/testmtx.o
                0x0000000008006460                testmtx5
 .rodata.testmtx6
                0x0000000008006470       0x10 build/obj/testmtx.o
                0x0000000008006470                testmtx6
 .rodata.testmtx7
                0x0000000008006480       0x10 build/obj/testmtx.o
                0x0000000008006480                testmtx7
 .rodata.testmtx8
                0x0000000008006490       0x10 build/obj/testmtx.o
                0x0000000008006490                testmtx8
 .rodata.str1.4
                0x00000000080064a0       0xed build/obj/testmtx.o
                                        0x10c (size before relaxing)
 *fill*         0x000000000800658d        0x3 
 .rodata.patternmtx
                0x0000000008006590       0x24 build/obj/testmtx.o
                0x0000000008006590                patternmtx
 *fill*         0x00000000080065b4        0xc 
 .rodata.testmtx1
                0x00000000080065c0       0x10 build/obj/testmtx.o
                0x00000000080065c0                testmtx1
 .rodata.testmtx2
                0x00000000080065d0       0x10 build/obj/testmtx.o
                0x00000000080065d0                testmtx2
 .rodata.testmtx3
                0x00000000080065e0       0x10 build/obj/testmtx.o
                0x00000000080065e0                testmtx3
 .rodata.testmtx4
                0x00000000080065f0       0x10 build/obj/testmtx.o
                0x00000000080065f0                testmtx4
 .rodata.testmsg1
                0x0000000008006600       0x10 build/obj/testmsg.o
                0x0000000008006600                testmsg1
 .rodata.str1.4
                0x0000000008006610        0xf build/obj/testmsg.o
                                         0x14 (size before relaxing)
 *fill*         0x000000000800661f        0x1 
 .rodata.patternmsg
                0x0000000008006620        0x8 build/obj/testmsg.o
                0x0000000008006620                patternmsg
 *fill*         0x0000000008006628        0x8 
 .rodata.patternmbox
                0x0000000008006630        0x8 build/obj/testmbox.o
                0x0000000008006630                patternmbox
 *fill*         0x0000000008006638        0x8 
 .rodata.str1.4
                0x0000000008006640       0x20 build/obj/testmbox.o
                                         0x28 (size before relaxing)
 .rodata.testmbox1
                0x0000000008006660       0x10 build/obj/testmbox.o
                0x0000000008006660                testmbox1
 .rodata.patternevt
                0x0000000008006670       0x10 build/obj/testevt.o
                0x0000000008006670                patternevt
 .rodata.testevt2
                0x0000000008006680       0x10 build/obj/testevt.o
                0x0000000008006680                testevt2
 .rodata.str1.4
                0x0000000008006690       0x52 build/obj/testevt.o
                                         0x5c (size before relaxing)
 *fill*         0x00000000080066e2        0xe 
 .rodata.testevt1
                0x00000000080066f0       0x10 build/obj/testevt.o
                0x00000000080066f0                testevt1
 .rodata.evhndl
                0x0000000008006700        0xc build/obj/testevt.o
 *fill*         0x000000000800670c        0x4 
 .rodata.testevt3
                0x0000000008006710       0x10 build/obj/testevt.o
                0x0000000008006710                testevt3
 .rodata.patternheap
                0x0000000008006720        0x8 build/obj/testheap.o
                0x0000000008006720                patternheap
 *fill*         0x0000000008006728        0x8 
 .rodata.str1.4
                0x0000000008006730       0x28 build/obj/testheap.o
 *fill*         0x0000000008006758        0x8 
 .rodata.testheap1
                0x0000000008006760       0x10 build/obj/testheap.o
                0x0000000008006760                testheap1
 .rodata.str1.4
                0x0000000008006770       0x1c build/obj/testpools.o
 *fill*         0x000000000800678c        0x4 
 .rodata.patternpools
                0x0000000008006790        0x8 build/obj/testpools.o
                0x0000000008006790                patternpools
 *fill*         0x0000000008006798        0x8 
 .rodata.testpools1
                0x00000000080067a0       0x10 build/obj/testpools.o
                0x00000000080067a0                testpools1
 .rodata.testdyn1
                0x00000000080067b0       0x10 build/obj/testdyn.o
                0x00000000080067b0                testdyn1
 .rodata.testdyn2
                0x00000000080067c0       0x10 build/obj/testdyn.o
                0x00000000080067c0                testdyn2
 .rodata.testdyn3
                0x00000000080067d0       0x10 build/obj/testdyn.o
                0x00000000080067d0                testdyn3
 .rodata.str1.4
                0x00000000080067e0       0x8d build/obj/testdyn.o
                                         0xa4 (size before relaxing)
 *fill*         0x000000000800686d        0x3 
 .rodata.patterndyn
                0x0000000008006870       0x10 build/obj/testdyn.o
                0x0000000008006870                patterndyn
 .rodata.testqueues1
                0x0000000008006880       0x10 build/obj/testqueues.o
                0x0000000008006880                testqueues1
 .rodata.testqueues2
                0x0000000008006890       0x10 build/obj/testqueues.o
                0x0000000008006890                testqueues2
 .rodata.str1.4
                0x00000000080068a0       0x2d build/obj/testqueues.o
                                         0x38 (size before relaxing)
 *fill*         0x00000000080068cd        0x3 
 .rodata.patternqueues
                0x00000000080068d0        0xc build/obj/testqueues.o
                0x00000000080068d0                patternqueues
 *fill*         0x00000000080068dc        0x4 
 .rodata.testbmk8
                0x00000000080068e0       0x10 build/obj/testbmk.o
                0x00000000080068e0                testbmk8
 .rodata.patternbmk
                0x00000000080068f0       0x38 build/obj/testbmk.o
                0x00000000080068f0                patternbmk
 *fill*         0x0000000008006928        0x8 
 .rodata.testbmk2
                0x0000000008006930       0x10 build/obj/testbmk.o
                0x0000000008006930                testbmk2
 .rodata.testbmk10
                0x0000000008006940       0x10 build/obj/testbmk.o
                0x0000000008006940                testbmk10
 .rodata.testbmk4
                0x0000000008006950       0x10 build/obj/testbmk.o
                0x0000000008006950                testbmk4
 .rodata.testbmk3
                0x0000000008006960       0x10 build/obj/testbmk.o
                0x0000000008006960                testbmk3
 .rodata.str1.4
                0x0000000008006970      0x2c7 build/obj/testbmk.o
                                        0x2c8 (size before relaxing)
 *fill*         0x0000000008006c37        0x9 
 .rodata.testbmk9
                0x0000000008006c40       0x10 build/obj/testbmk.o
                0x0000000008006c40                testbmk9
 .rodata.testbmk1
                0x0000000008006c50       0x10 build/obj/testbmk.o
                0x0000000008006c50                testbmk1
 .rodata.testbmk11
                0x0000000008006c60       0x10 build/obj/testbmk.o
                0x0000000008006c60                testbmk11
 .rodata.testbmk12
                0x0000000008006c70       0x10 build/obj/testbmk.o
                0x0000000008006c70                testbmk12
 .rodata.testbmk13
                0x0000000008006c80       0x10 build/obj/testbmk.o
                0x0000000008006c80                testbmk13
 .rodata.testbmk5
                0x0000000008006c90       0x10 build/obj/testbmk.o
                0x0000000008006c90                testbmk5
 .rodata.testbmk6
                0x0000000008006ca0       0x10 build/obj/testbmk.o
                0x0000000008006ca0                testbmk6
 .rodata.testbmk7
                0x0000000008006cb0       0x10 build/obj/testbmk.o
                0x0000000008006cb0                testbmk7
 .rodata.vmt    0x0000000008006cc0       0x20 build/obj/serial.o
 .rodata.default_config
                0x0000000008006ce0       0x10 build/obj/serial_lld.o
 .rodata.pal_default_config
                0x0000000008006cf0       0xa8 build/obj/board.o
                0x0000000008006cf0                pal_default_config
 *fill*         0x0000000008006d98        0x8 
 .rodata.str1.4
                0x0000000008006da0        0x8 build/obj/main.o
 *(.glue_7t)
 .glue_7t       0x0000000000000000        0x0 linker stubs
 *(.glue_7)
 .glue_7        0x0000000000000000        0x0 linker stubs
 *(.gcc*)

.vfp11_veneer   0x0000000008006da8        0x0
 .vfp11_veneer  0x0000000000000000        0x0 linker stubs

.v4_bx          0x0000000008006da8        0x0
 .v4_bx         0x0000000000000000        0x0 linker stubs

.iplt           0x0000000008006da8        0x0
 .iplt          0x0000000000000000        0x0 build/obj/crt0.o

.rel.dyn        0x0000000008006da8        0x0
 .rel.iplt      0x0000000000000000        0x0 build/obj/crt0.o

.ARM.extab
 *(.ARM.extab* .gnu.linkonce.armextab.*)

.ARM.exidx      0x0000000008006da8        0x0
                0x0000000008006da8                PROVIDE (__exidx_start, .)
 *(.ARM.exidx* .gnu.linkonce.armexidx.*)
                0x0000000008006da8                PROVIDE (__exidx_end, .)

.eh_frame_hdr
 *(.eh_frame_hdr)

.eh_frame
 *(.eh_frame)

.textalign      0x0000000008006da8        0x0
                0x0000000008006da8                . = ALIGN (0x8)
                0x0000000008006da8                . = ALIGN (0x4)
                0x0000000008006da8                _etext = .
                0x0000000008006da8                _textdata = _etext

.stacks         0x0000000020000000      0x800
                0x0000000020000000                . = ALIGN (0x8)
                0x0000000020000000                __main_stack_base__ = .
                0x0000000020000400                . = (. + __main_stack_size__)
 *fill*         0x0000000020000000      0x400 
                0x0000000020000400                . = ALIGN (0x8)
                0x0000000020000400                __main_stack_end__ = .
                0x0000000020000400                __process_stack_base__ = .
                0x0000000020000400                __main_thread_stack_base__ = .
                0x0000000020000800                . = (. + __process_stack_size__)
 *fill*         0x0000000020000400      0x400 
                0x0000000020000800                . = ALIGN (0x8)
                0x0000000020000800                __process_stack_end__ = .
                0x0000000020000800                __main_thread_stack_end__ = .

.data           0x0000000020000800       0xb8 load address 0x0000000008006da8
                0x0000000020000800                . = ALIGN (0x4)
                0x0000000020000800                PROVIDE (_data, .)
 *(.data)
                0x0000000020000800                . = ALIGN (0x4)
 *(.data.*)
 .data.sem1     0x0000000020000800        0xc build/obj/testsem.o
 .data.m1       0x000000002000080c       0x10 build/obj/testmtx.o
 .data.m2       0x000000002000081c       0x10 build/obj/testmtx.o
 .data.c1       0x000000002000082c        0x8 build/obj/testmtx.o
 .data.mb1      0x0000000020000834       0x28 build/obj/testmbox.o
 .data.es1      0x000000002000085c        0x4 build/obj/testevt.o
 .data.es2      0x0000000020000860        0x4 build/obj/testevt.o
 .data.mp1      0x0000000020000864        0xc build/obj/testpools.o
 .data.oq       0x0000000020000870       0x24 build/obj/testqueues.o
 .data.iq       0x0000000020000894       0x24 build/obj/testqueues.o
                0x00000000200008b8                . = ALIGN (0x4)
 *(.ramtext)
                0x00000000200008b8                . = ALIGN (0x4)
                0x00000000200008b8                PROVIDE (_edata, .)

.igot.plt       0x00000000200008b8        0x0 load address 0x0000000008006e60
 .igot.plt      0x0000000000000000        0x0 build/obj/crt0.o

.bss            0x00000000200008b8      0xaf8 load address 0x0000000008006e60
                0x00000000200008b8                . = ALIGN (0x4)
                0x00000000200008b8                PROVIDE (_bss_start, .)
 *(.bss)
                0x00000000200008b8                . = ALIGN (0x4)
 *(.bss.*)
 .bss.mainthread.4812
                0x00000000200008b8       0x48 build/obj/chsys.o
 .bss._idle_thread_wa
                0x0000000020000900       0xe0 build/obj/chsys.o
                0x0000000020000900                _idle_thread_wa
 .bss.vtlist    0x00000000200009e0       0x10 build/obj/chvt.o
                0x00000000200009e0                vtlist
 .bss.rlist     0x00000000200009f0       0x1c build/obj/chschd.o
                0x00000000200009f0                rlist
 .bss.endmem    0x0000000020000a0c        0x4 build/obj/chmemcore.o
 .bss.nextmem   0x0000000020000a10        0x4 build/obj/chmemcore.o
 *fill*         0x0000000020000a14        0x4 
 .bss.default_heap
                0x0000000020000a18       0x20 build/obj/chheap.o
 .bss.test      0x0000000020000a38      0x690 build/obj/test.o
                0x0000000020000a38                test
 .bss.failpoint
                0x00000000200010c8        0x4 build/obj/test.o
 .bss.local_fail
                0x00000000200010cc        0x1 build/obj/test.o
 .bss.test_timer_done
                0x00000000200010cd        0x1 build/obj/test.o
                0x00000000200010cd                test_timer_done
 *fill*         0x00000000200010ce        0x2 
 .bss.tokp      0x00000000200010d0        0x4 build/obj/test.o
 .bss.global_fail
                0x00000000200010d4        0x1 build/obj/test.o
 *fill*         0x00000000200010d5        0x3 
 .bss.vt        0x00000000200010d8       0x14 build/obj/test.o
 .bss.threads   0x00000000200010ec       0x14 build/obj/test.o
                0x00000000200010ec                threads
 .bss.chp       0x0000000020001100        0x4 build/obj/test.o
 .bss.tokens_buffer
                0x0000000020001104       0x10 build/obj/test.o
 *fill*         0x0000000020001114        0x4 
 .bss.test_heap
                0x0000000020001118       0x20 build/obj/testheap.o
 .bss.mp1       0x0000000020001138        0xc build/obj/testdyn.o
 *fill*         0x0000000020001144        0x4 
 .bss.heap1     0x0000000020001148       0x20 build/obj/testdyn.o
 .bss.vt2.4973  0x0000000020001168       0x14 build/obj/testbmk.o
 .bss.ib.4959   0x000000002000117c       0x10 build/obj/testbmk.o
 .bss.iq.4960   0x000000002000118c       0x24 build/obj/testbmk.o
 .bss.vt1.4972  0x00000000200011b0       0x14 build/obj/testbmk.o
 .bss.sem1      0x00000000200011c4        0xc build/obj/testbmk.o
 .bss.mtx1      0x00000000200011d0       0x10 build/obj/testbmk.o
 .bss.SD1       0x00000000200011e0       0x7c build/obj/serial_lld.o
                0x00000000200011e0                SD1
 *fill*         0x000000002000125c        0x4 
 .bss.waThread1
                0x0000000020001260      0x150 build/obj/main.o
                0x00000000200013b0                . = ALIGN (0x4)
 *(COMMON)
                0x00000000200013b0                . = ALIGN (0x4)
                0x00000000200013b0                PROVIDE (_bss_end, .)
                0x00000000200013b0                PROVIDE (end, .)
                0x00000000200013b0                _end = .
                0x00000000200013b0                __heap_base__ = _end
                0x000000002000a000                __heap_end__ = __ram_end__
START GROUP
LOAD /usr/bin/../lib/gcc/arm-none-eabi/4.9.3/armv7e-m/libgcc.a
LOAD /usr/bin/../lib/gcc/arm-none-eabi/4.9.3/../../../../arm-none-eabi/lib/armv7e-m/libg.a
LOAD /usr/bin/../lib/gcc/arm-none-eabi/4.9.3/../../../../arm-none-eabi/lib/armv7e-m/libc.a
END GROUP
OUTPUT(build/ch.elf elf32-littlearm)

.debug_info     0x0000000000000000    0x19bb9
 .debug_info    0x0000000000000000      0x2b3 build/obj/crt0.o
 .debug_info    0x00000000000002b3      0x1cd build/obj/vectors.o
 .debug_info    0x0000000000000480      0x81a build/obj/chcore_v7m.o
 .debug_info    0x0000000000000c9a      0x406 build/obj/nvic.o
 .debug_info    0x00000000000010a0      0x827 build/obj/chsys.o
 .debug_info    0x00000000000018c7      0x203 build/obj/chvt.o
 .debug_info    0x0000000000001aca      0x9e4 build/obj/chschd.o
 .debug_info    0x00000000000024ae      0xbf2 build/obj/chthreads.o
 .debug_info    0x00000000000030a0      0x88c build/obj/chdynamic.o
 .debug_info    0x000000000000392c      0x629 build/obj/chregistry.o
 .debug_info    0x0000000000003f55      0xb4a build/obj/chsem.o
 .debug_info    0x0000000000004a9f      0x9f4 build/obj/chmtx.o
 .debug_info    0x0000000000005493      0x977 build/obj/chcond.o
 .debug_info    0x0000000000005e0a      0xd95 build/obj/chevents.o
 .debug_info    0x0000000000006b9f      0x663 build/obj/chmsg.o
 .debug_info    0x0000000000007202      0xb39 build/obj/chmboxes.o
 .debug_info    0x0000000000007d3b      0xbb3 build/obj/chqueues.o
 .debug_info    0x00000000000088ee      0x21f build/obj/chmemcore.o
 .debug_info    0x0000000000008b0d      0x6fa build/obj/chheap.o
 .debug_info    0x0000000000009207      0x408 build/obj/chmempools.o
 .debug_info    0x000000000000960f     0x12ba build/obj/test.o
 .debug_info    0x000000000000a8c9      0xc7a build/obj/testthd.o
 .debug_info    0x000000000000b543     0x1059 build/obj/testsem.o
 .debug_info    0x000000000000c59c     0x1cf0 build/obj/testmtx.o
 .debug_info    0x000000000000e28c      0x703 build/obj/testmsg.o
 .debug_info    0x000000000000e98f     0x1371 build/obj/testmbox.o
 .debug_info    0x000000000000fd00     0x109d build/obj/testevt.o
 .debug_info    0x0000000000010d9d      0xc00 build/obj/testheap.o
 .debug_info    0x000000000001199d      0x433 build/obj/testpools.o
 .debug_info    0x0000000000011dd0      0xf6c build/obj/testdyn.o
 .debug_info    0x0000000000012d3c     0x16fc build/obj/testqueues.o
 .debug_info    0x0000000000014438     0x1df1 build/obj/testbmk.o
 .debug_info    0x0000000000016229      0x36f build/obj/hal.o
 .debug_info    0x0000000000016598      0xfeb build/obj/serial.o
 .debug_info    0x0000000000017583      0x407 build/obj/hal_lld.o
 .debug_info    0x000000000001798a      0x55c build/obj/pal_lld.o
 .debug_info    0x0000000000017ee6      0xea1 build/obj/serial_lld.o
 .debug_info    0x0000000000018d87      0x1d0 build/obj/board.o
 .debug_info    0x0000000000018f57      0xc62 build/obj/main.o

.debug_abbrev   0x0000000000000000     0x5a70
 .debug_abbrev  0x0000000000000000       0xfd build/obj/crt0.o
 .debug_abbrev  0x00000000000000fd       0xaf build/obj/vectors.o
 .debug_abbrev  0x00000000000001ac      0x216 build/obj/chcore_v7m.o
 .debug_abbrev  0x00000000000003c2      0x10e build/obj/nvic.o
 .debug_abbrev  0x00000000000004d0      0x20e build/obj/chsys.o
 .debug_abbrev  0x00000000000006de      0x117 build/obj/chvt.o
 .debug_abbrev  0x00000000000007f5      0x317 build/obj/chschd.o
 .debug_abbrev  0x0000000000000b0c      0x34f build/obj/chthreads.o
 .debug_abbrev  0x0000000000000e5b      0x22b build/obj/chdynamic.o
 .debug_abbrev  0x0000000000001086      0x187 build/obj/chregistry.o
 .debug_abbrev  0x000000000000120d      0x34b build/obj/chsem.o
 .debug_abbrev  0x0000000000001558      0x303 build/obj/chmtx.o
 .debug_abbrev  0x000000000000185b      0x2d5 build/obj/chcond.o
 .debug_abbrev  0x0000000000001b30      0x2ef build/obj/chevents.o
 .debug_abbrev  0x0000000000001e1f      0x220 build/obj/chmsg.o
 .debug_abbrev  0x000000000000203f      0x2d3 build/obj/chmboxes.o
 .debug_abbrev  0x0000000000002312      0x34a build/obj/chqueues.o
 .debug_abbrev  0x000000000000265c      0x15b build/obj/chmemcore.o
 .debug_abbrev  0x00000000000027b7      0x1e7 build/obj/chheap.o
 .debug_abbrev  0x000000000000299e      0x1f4 build/obj/chmempools.o
 .debug_abbrev  0x0000000000002b92      0x4fc build/obj/test.o
 .debug_abbrev  0x000000000000308e      0x29f build/obj/testthd.o
 .debug_abbrev  0x000000000000332d      0x2e6 build/obj/testsem.o
 .debug_abbrev  0x0000000000003613      0x2f7 build/obj/testmtx.o
 .debug_abbrev  0x000000000000390a      0x21a build/obj/testmsg.o
 .debug_abbrev  0x0000000000003b24      0x228 build/obj/testmbox.o
 .debug_abbrev  0x0000000000003d4c      0x2df build/obj/testevt.o
 .debug_abbrev  0x000000000000402b      0x232 build/obj/testheap.o
 .debug_abbrev  0x000000000000425d      0x1c8 build/obj/testpools.o
 .debug_abbrev  0x0000000000004425      0x29e build/obj/testdyn.o
 .debug_abbrev  0x00000000000046c3      0x2eb build/obj/testqueues.o
 .debug_abbrev  0x00000000000049ae      0x368 build/obj/testbmk.o
 .debug_abbrev  0x0000000000004d16      0x1b9 build/obj/hal.o
 .debug_abbrev  0x0000000000004ecf      0x2b9 build/obj/serial.o
 .debug_abbrev  0x0000000000005188      0x10c build/obj/hal_lld.o
 .debug_abbrev  0x0000000000005294      0x198 build/obj/pal_lld.o
 .debug_abbrev  0x000000000000542c      0x31f build/obj/serial_lld.o
 .debug_abbrev  0x000000000000574b       0xe3 build/obj/board.o
 .debug_abbrev  0x000000000000582e      0x242 build/obj/main.o

.debug_loc      0x0000000000000000     0x5412
 .debug_loc     0x0000000000000000       0xba build/obj/crt0.o
 .debug_loc     0x00000000000000ba       0x5a build/obj/chcore_v7m.o
 .debug_loc     0x0000000000000114      0x158 build/obj/nvic.o
 .debug_loc     0x000000000000026c       0x31 build/obj/chsys.o
 .debug_loc     0x000000000000029d       0x67 build/obj/chvt.o
 .debug_loc     0x0000000000000304      0x314 build/obj/chschd.o
 .debug_loc     0x0000000000000618      0x42f build/obj/chthreads.o
 .debug_loc     0x0000000000000a47      0x1dc build/obj/chdynamic.o
 .debug_loc     0x0000000000000c23       0x3f build/obj/chregistry.o
 .debug_loc     0x0000000000000c62      0x548 build/obj/chsem.o
 .debug_loc     0x00000000000011aa      0x404 build/obj/chmtx.o
 .debug_loc     0x00000000000015ae      0x367 build/obj/chcond.o
 .debug_loc     0x0000000000001915      0x5cd build/obj/chevents.o
 .debug_loc     0x0000000000001ee2       0xf1 build/obj/chmsg.o
 .debug_loc     0x0000000000001fd3      0x57a build/obj/chmboxes.o
 .debug_loc     0x000000000000254d      0x679 build/obj/chqueues.o
 .debug_loc     0x0000000000002bc6       0xb0 build/obj/chmemcore.o
 .debug_loc     0x0000000000002c76      0x3a1 build/obj/chheap.o
 .debug_loc     0x0000000000003017      0x17c build/obj/chmempools.o
 .debug_loc     0x0000000000003193      0x86a build/obj/test.o
 .debug_loc     0x00000000000039fd       0xb2 build/obj/testthd.o
 .debug_loc     0x0000000000003aaf      0x135 build/obj/testsem.o
 .debug_loc     0x0000000000003be4      0x2f2 build/obj/testmtx.o
 .debug_loc     0x0000000000003ed6       0x5a build/obj/testmsg.o
 .debug_loc     0x0000000000003f30      0x268 build/obj/testmbox.o
 .debug_loc     0x0000000000004198      0x21e build/obj/testevt.o
 .debug_loc     0x00000000000043b6      0x157 build/obj/testheap.o
 .debug_loc     0x000000000000450d       0xa6 build/obj/testpools.o
 .debug_loc     0x00000000000045b3      0x117 build/obj/testdyn.o
 .debug_loc     0x00000000000046ca      0x1e3 build/obj/testqueues.o
 .debug_loc     0x00000000000048ad      0x2db build/obj/testbmk.o
 .debug_loc     0x0000000000004b88       0x87 build/obj/hal.o
 .debug_loc     0x0000000000004c0f      0x4e4 build/obj/serial.o
 .debug_loc     0x00000000000050f3      0x129 build/obj/pal_lld.o
 .debug_loc     0x000000000000521c      0x1d5 build/obj/serial_lld.o
 .debug_loc     0x00000000000053f1       0x21 build/obj/main.o

.debug_aranges  0x0000000000000000      0xc88
 .debug_aranges
                0x0000000000000000       0x38 build/obj/crt0.o
 .debug_aranges
                0x0000000000000038       0x20 build/obj/vectors.o
 .debug_aranges
                0x0000000000000058       0x50 build/obj/chcore_v7m.o
 .debug_aranges
                0x00000000000000a8       0x30 build/obj/nvic.o
 .debug_aranges
                0x00000000000000d8       0x30 build/obj/chsys.o
 .debug_aranges
                0x0000000000000108       0x30 build/obj/chvt.o
 .debug_aranges
                0x0000000000000138       0x68 build/obj/chschd.o
 .debug_aranges
                0x00000000000001a0       0x78 build/obj/chthreads.o
 .debug_aranges
                0x0000000000000218       0x38 build/obj/chdynamic.o
 .debug_aranges
                0x0000000000000250       0x28 build/obj/chregistry.o
 .debug_aranges
                0x0000000000000278       0x70 build/obj/chsem.o
 .debug_aranges
                0x00000000000002e8       0x58 build/obj/chmtx.o
 .debug_aranges
                0x0000000000000340       0x60 build/obj/chcond.o
 .debug_aranges
                0x00000000000003a0       0xa0 build/obj/chevents.o
 .debug_aranges
                0x0000000000000440       0x30 build/obj/chmsg.o
 .debug_aranges
                0x0000000000000470       0x70 build/obj/chmboxes.o
 .debug_aranges
                0x00000000000004e0       0x70 build/obj/chqueues.o
 .debug_aranges
                0x0000000000000550       0x38 build/obj/chmemcore.o
 .debug_aranges
                0x0000000000000588       0x40 build/obj/chheap.o
 .debug_aranges
                0x00000000000005c8       0x48 build/obj/chmempools.o
 .debug_aranges
                0x0000000000000610       0x98 build/obj/test.o
 .debug_aranges
                0x00000000000006a8       0x40 build/obj/testthd.o
 .debug_aranges
                0x00000000000006e8       0x70 build/obj/testsem.o
 .debug_aranges
                0x0000000000000758      0x108 build/obj/testmtx.o
 .debug_aranges
                0x0000000000000860       0x28 build/obj/testmsg.o
 .debug_aranges
                0x0000000000000888       0x28 build/obj/testmbox.o
 .debug_aranges
                0x00000000000008b0       0x70 build/obj/testevt.o
 .debug_aranges
                0x0000000000000920       0x28 build/obj/testheap.o
 .debug_aranges
                0x0000000000000948       0x30 build/obj/testpools.o
 .debug_aranges
                0x0000000000000978       0x58 build/obj/testdyn.o
 .debug_aranges
                0x00000000000009d0       0x50 build/obj/testqueues.o
 .debug_aranges
                0x0000000000000a20       0xd0 build/obj/testbmk.o
 .debug_aranges
                0x0000000000000af0       0x30 build/obj/hal.o
 .debug_aranges
                0x0000000000000b20       0x88 build/obj/serial.o
 .debug_aranges
                0x0000000000000ba8       0x28 build/obj/hal_lld.o
 .debug_aranges
                0x0000000000000bd0       0x28 build/obj/pal_lld.o
 .debug_aranges
                0x0000000000000bf8       0x40 build/obj/serial_lld.o
 .debug_aranges
                0x0000000000000c38       0x28 build/obj/board.o
 .debug_aranges
                0x0000000000000c60       0x28 build/obj/main.o

.debug_ranges   0x0000000000000000     0x1538
 .debug_ranges  0x0000000000000000       0x58 build/obj/crt0.o
 .debug_ranges  0x0000000000000058       0x10 build/obj/vectors.o
 .debug_ranges  0x0000000000000068       0x58 build/obj/chcore_v7m.o
 .debug_ranges  0x00000000000000c0       0x20 build/obj/nvic.o
 .debug_ranges  0x00000000000000e0       0x38 build/obj/chsys.o
 .debug_ranges  0x0000000000000118       0x20 build/obj/chvt.o
 .debug_ranges  0x0000000000000138      0x1a8 build/obj/chschd.o
 .debug_ranges  0x00000000000002e0      0x118 build/obj/chthreads.o
 .debug_ranges  0x00000000000003f8       0x28 build/obj/chdynamic.o
 .debug_ranges  0x0000000000000420       0x18 build/obj/chregistry.o
 .debug_ranges  0x0000000000000438      0x168 build/obj/chsem.o
 .debug_ranges  0x00000000000005a0      0x190 build/obj/chmtx.o
 .debug_ranges  0x0000000000000730       0xa8 build/obj/chcond.o
 .debug_ranges  0x00000000000007d8       0xc0 build/obj/chevents.o
 .debug_ranges  0x0000000000000898       0x68 build/obj/chmsg.o
 .debug_ranges  0x0000000000000900       0x90 build/obj/chmboxes.o
 .debug_ranges  0x0000000000000990       0xd0 build/obj/chqueues.o
 .debug_ranges  0x0000000000000a60       0x28 build/obj/chmemcore.o
 .debug_ranges  0x0000000000000a88       0x30 build/obj/chheap.o
 .debug_ranges  0x0000000000000ab8       0xc8 build/obj/chmempools.o
 .debug_ranges  0x0000000000000b80      0x140 build/obj/test.o
 .debug_ranges  0x0000000000000cc0       0x90 build/obj/testthd.o
 .debug_ranges  0x0000000000000d50       0x90 build/obj/testsem.o
 .debug_ranges  0x0000000000000de0      0x110 build/obj/testmtx.o
 .debug_ranges  0x0000000000000ef0       0x18 build/obj/testmsg.o
 .debug_ranges  0x0000000000000f08       0xc0 build/obj/testmbox.o
 .debug_ranges  0x0000000000000fc8       0x78 build/obj/testevt.o
 .debug_ranges  0x0000000000001040       0x18 build/obj/testheap.o
 .debug_ranges  0x0000000000001058       0x40 build/obj/testpools.o
 .debug_ranges  0x0000000000001098       0x48 build/obj/testdyn.o
 .debug_ranges  0x00000000000010e0      0x120 build/obj/testqueues.o
 .debug_ranges  0x0000000000001200       0xd8 build/obj/testbmk.o
 .debug_ranges  0x00000000000012d8       0x20 build/obj/hal.o
 .debug_ranges  0x00000000000012f8       0xa8 build/obj/serial.o
 .debug_ranges  0x00000000000013a0       0x30 build/obj/hal_lld.o
 .debug_ranges  0x00000000000013d0       0xc0 build/obj/pal_lld.o
 .debug_ranges  0x0000000000001490       0x78 build/obj/serial_lld.o
 .debug_ranges  0x0000000000001508       0x18 build/obj/board.o
 .debug_ranges  0x0000000000001520       0x18 build/obj/main.o

.debug_line     0x0000000000000000     0x5ceb
 .debug_line    0x0000000000000000      0x11c build/obj/crt0.o
 .debug_line    0x000000000000011c       0xc1 build/obj/vectors.o
 .debug_line    0x00000000000001dd      0x1e1 build/obj/chcore_v7m.o
 .debug_line    0x00000000000003be       0xf6 build/obj/nvic.o
 .debug_line    0x00000000000004b4      0x1d9 build/obj/chsys.o
 .debug_line    0x000000000000068d      0x131 build/obj/chvt.o
 .debug_line    0x00000000000007be      0x348 build/obj/chschd.o
 .debug_line    0x0000000000000b06      0x37c build/obj/chthreads.o
 .debug_line    0x0000000000000e82      0x1f3 build/obj/chdynamic.o
 .debug_line    0x0000000000001075      0x1a3 build/obj/chregistry.o
 .debug_line    0x0000000000001218      0x30a build/obj/chsem.o
 .debug_line    0x0000000000001522      0x30a build/obj/chmtx.o
 .debug_line    0x000000000000182c      0x26d build/obj/chcond.o
 .debug_line    0x0000000000001a99      0x2f0 build/obj/chevents.o
 .debug_line    0x0000000000001d89      0x199 build/obj/chmsg.o
 .debug_line    0x0000000000001f22      0x267 build/obj/chmboxes.o
 .debug_line    0x0000000000002189      0x32f build/obj/chqueues.o
 .debug_line    0x00000000000024b8      0x131 build/obj/chmemcore.o
 .debug_line    0x00000000000025e9      0x248 build/obj/chheap.o
 .debug_line    0x0000000000002831      0x1ac build/obj/chmempools.o
 .debug_line    0x00000000000029dd      0x4dd build/obj/test.o
 .debug_line    0x0000000000002eba      0x205 build/obj/testthd.o
 .debug_line    0x00000000000030bf      0x2d5 build/obj/testsem.o
 .debug_line    0x0000000000003394      0x49c build/obj/testmtx.o
 .debug_line    0x0000000000003830      0x198 build/obj/testmsg.o
 .debug_line    0x00000000000039c8      0x26a build/obj/testmbox.o
 .debug_line    0x0000000000003c32      0x291 build/obj/testevt.o
 .debug_line    0x0000000000003ec3      0x1d2 build/obj/testheap.o
 .debug_line    0x0000000000004095      0x11a build/obj/testpools.o
 .debug_line    0x00000000000041af      0x2d7 build/obj/testdyn.o
 .debug_line    0x0000000000004486      0x266 build/obj/testqueues.o
 .debug_line    0x00000000000046ec      0x583 build/obj/testbmk.o
 .debug_line    0x0000000000004c6f      0x229 build/obj/hal.o
 .debug_line    0x0000000000004e98      0x33c build/obj/serial.o
 .debug_line    0x00000000000051d4      0x19c build/obj/hal_lld.o
 .debug_line    0x0000000000005370      0x1b2 build/obj/pal_lld.o
 .debug_line    0x0000000000005522      0x301 build/obj/serial_lld.o
 .debug_line    0x0000000000005823      0x160 build/obj/board.o
 .debug_line    0x0000000000005983      0x368 build/obj/main.o

.debug_str      0x0000000000000000     0x2240
 .debug_str     0x0000000000000000      0x2c9 build/obj/crt0.o
                                        0x30e (size before relaxing)
 .debug_str     0x00000000000002c9      0x145 build/obj/vectors.o
                                        0x32f (size before relaxing)
 .debug_str     0x000000000000040e      0x2e5 build/obj/chcore_v7m.o
                                        0x4eb (size before relaxing)
 .debug_str     0x00000000000006f3       0x9e build/obj/nvic.o
                                        0x301 (size before relaxing)
 .debug_str     0x0000000000000791      0x209 build/obj/chsys.o
                                        0x5d9 (size before relaxing)
 .debug_str     0x000000000000099a       0x36 build/obj/chvt.o
                                        0x282 (size before relaxing)
 .debug_str     0x00000000000009d0       0xcb build/obj/chschd.o
                                        0x4f8 (size before relaxing)
 .debug_str     0x0000000000000a9b       0xd3 build/obj/chthreads.o
                                        0x563 (size before relaxing)
 .debug_str     0x0000000000000b6e      0x113 build/obj/chdynamic.o
                                        0x4e5 (size before relaxing)
 .debug_str     0x0000000000000c81       0x42 build/obj/chregistry.o
                                        0x4f1 (size before relaxing)
 .debug_str     0x0000000000000cc3       0xc8 build/obj/chsem.o
                                        0x4dc (size before relaxing)
 .debug_str     0x0000000000000d8b       0x91 build/obj/chmtx.o
                                        0x47d (size before relaxing)
 .debug_str     0x0000000000000e1c       0xb0 build/obj/chcond.o
                                        0x4ca (size before relaxing)
 .debug_str     0x0000000000000ecc      0x1b9 build/obj/chevents.o
                                        0x5a1 (size before relaxing)
 .debug_str     0x0000000000001085       0x3d build/obj/chmsg.o
                                        0x415 (size before relaxing)
 .debug_str     0x00000000000010c2       0xe2 build/obj/chmboxes.o
                                        0x4a4 (size before relaxing)
 .debug_str     0x00000000000011a4      0x119 build/obj/chqueues.o
                                        0x508 (size before relaxing)
 .debug_str     0x00000000000012bd       0x70 build/obj/chmemcore.o
                                        0x277 (size before relaxing)
 .debug_str     0x000000000000132d       0x48 build/obj/chheap.o
                                        0x46c (size before relaxing)
 .debug_str     0x0000000000001375       0x55 build/obj/chmempools.o
                                        0x2c5 (size before relaxing)
 .debug_str     0x00000000000013ca      0x26a build/obj/test.o
                                        0x6f5 (size before relaxing)
 .debug_str     0x0000000000001634       0x6d build/obj/testthd.o
                                        0x57e (size before relaxing)
 .debug_str     0x00000000000016a1       0xd6 build/obj/testsem.o
                                        0x63a (size before relaxing)
 .debug_str     0x0000000000001777      0x194 build/obj/testmtx.o
                                        0x738 (size before relaxing)
 .debug_str     0x000000000000190b       0x2b build/obj/testmsg.o
                                        0x471 (size before relaxing)
 .debug_str     0x0000000000001936       0x3f build/obj/testmbox.o
                                        0x4f8 (size before relaxing)
 .debug_str     0x0000000000001975       0x7f build/obj/testevt.o
                                        0x6a3 (size before relaxing)
 .debug_str     0x00000000000019f4       0x44 build/obj/testheap.o
                                        0x4ba (size before relaxing)
 .debug_str     0x0000000000001a38       0x4c build/obj/testpools.o
                                        0x2e9 (size before relaxing)
 .debug_str     0x0000000000001a84       0x86 build/obj/testdyn.o
                                        0x65e (size before relaxing)
 .debug_str     0x0000000000001b0a       0x6c build/obj/testqueues.o
                                        0x5e5 (size before relaxing)
 .debug_str     0x0000000000001b76      0x17f build/obj/testbmk.o
                                        0x7bf (size before relaxing)
 .debug_str     0x0000000000001cf5      0x144 build/obj/hal.o
                                        0x356 (size before relaxing)
 .debug_str     0x0000000000001e39      0x160 build/obj/serial.o
                                        0x677 (size before relaxing)
 .debug_str     0x0000000000001f99      0x12e build/obj/hal_lld.o
                                        0x398 (size before relaxing)
 .debug_str     0x00000000000020c7       0xc9 build/obj/pal_lld.o
                                        0x3b8 (size before relaxing)
 .debug_str     0x0000000000002190       0x75 build/obj/serial_lld.o
                                        0x6a7 (size before relaxing)
 .debug_str     0x0000000000002205       0x2a build/obj/board.o
                                        0x2ce (size before relaxing)
 .debug_str     0x000000000000222f       0x11 build/obj/main.o
                                        0x66b (size before relaxing)

.comment        0x0000000000000000       0x70
 .comment       0x0000000000000000       0x70 build/obj/crt0.o
                                         0x71 (size before relaxing)
 .comment       0x0000000000000000       0x71 build/obj/vectors.o
 .comment       0x0000000000000000       0x71 build/obj/chcore_v7m.o
 .comment       0x0000000000000000       0x71 build/obj/nvic.o
 .comment       0x0000000000000000       0x71 build/obj/chsys.o
 .comment       0x0000000000000000       0x71 build/obj/chvt.o
 .comment       0x0000000000000000       0x71 build/obj/chschd.o
 .comment       0x0000000000000000       0x71 build/obj/chthreads.o
 .comment       0x0000000000000000       0x71 build/obj/chdynamic.o
 .comment       0x0000000000000000       0x71 build/obj/chregistry.o
 .comment       0x0000000000000000       0x71 build/obj/chsem.o
 .comment       0x0000000000000000       0x71 build/obj/chmtx.o
 .comment       0x0000000000000000       0x71 build/obj/chcond.o
 .comment       0x0000000000000000       0x71 build/obj/chevents.o
 .comment       0x0000000000000000       0x71 build/obj/chmsg.o
 .comment       0x0000000000000000       0x71 build/obj/chmboxes.o
 .comment       0x0000000000000000       0x71 build/obj/chqueues.o
 .comment       0x0000000000000000       0x71 build/obj/chmemcore.o
 .comment       0x0000000000000000       0x71 build/obj/chheap.o
 .comment       0x0000000000000000       0x71 build/obj/chmempools.o
 .comment       0x0000000000000000       0x71 build/obj/test.o
 .comment       0x0000000000000000       0x71 build/obj/testthd.o
 .comment       0x0000000000000000       0x71 build/obj/testsem.o
 .comment       0x0000000000000000       0x71 build/obj/testmtx.o
 .comment       0x0000000000000000       0x71 build/obj/testmsg.o
 .comment       0x0000000000000000       0x71 build/obj/testmbox.o
 .comment       0x0000000000000000       0x71 build/obj/testevt.o
 .comment       0x0000000000000000       0x71 build/obj/testheap.o
 .comment       0x0000000000000000       0x71 build/obj/testpools.o
 .comment       0x0000000000000000       0x71 build/obj/testdyn.o
 .comment       0x0000000000000000       0x71 build/obj/testqueues.o
 .comment       0x0000000000000000       0x71 build/obj/testbmk.o
 .comment       0x0000000000000000       0x71 build/obj/hal.o
 .comment       0x0000000000000000       0x71 build/obj/serial.o
 .comment       0x0000000000000000       0x71 build/obj/hal_lld.o
 .comment       0x0000000000000000       0x71 build/obj/pal_lld.o
 .comment       0x0000000000000000       0x71 build/obj/serial_lld.o
 .comment       0x0000000000000000       0x71 build/obj/board.o
 .comment       0x0000000000000000       0x71 build/obj/main.o

.ARM.attributes
                0x0000000000000000       0x33
 .ARM.attributes
                0x0000000000000000       0x33 build/obj/crt0.o
 .ARM.attributes
                0x0000000000000033       0x33 build/obj/vectors.o
 .ARM.attributes
                0x0000000000000066       0x33 build/obj/chcore_v7m.o
 .ARM.attributes
                0x0000000000000099       0x33 build/obj/nvic.o
 .ARM.attributes
                0x00000000000000cc       0x33 build/obj/chsys.o
 .ARM.attributes
                0x00000000000000ff       0x33 build/obj/chvt.o
 .ARM.attributes
                0x0000000000000132       0x33 build/obj/chschd.o
 .ARM.attributes
                0x0000000000000165       0x33 build/obj/chthreads.o
 .ARM.attributes
                0x0000000000000198       0x33 build/obj/chdynamic.o
 .ARM.attributes
                0x00000000000001cb       0x33 build/obj/chregistry.o
 .ARM.attributes
                0x00000000000001fe       0x33 build/obj/chsem.o
 .ARM.attributes
                0x0000000000000231       0x33 build/obj/chmtx.o
 .ARM.attributes
                0x0000000000000264       0x33 build/obj/chcond.o
 .ARM.attributes
                0x0000000000000297       0x33 build/obj/chevents.o
 .ARM.attributes
                0x00000000000002ca       0x33 build/obj/chmsg.o
 .ARM.attributes
                0x00000000000002fd       0x33 build/obj/chmboxes.o
 .ARM.attributes
                0x0000000000000330       0x33 build/obj/chqueues.o
 .ARM.attributes
                0x0000000000000363       0x33 build/obj/chmemcore.o
 .ARM.attributes
                0x0000000000000396       0x33 build/obj/chheap.o
 .ARM.attributes
                0x00000000000003c9       0x33 build/obj/chmempools.o
 .ARM.attributes
                0x00000000000003fc       0x33 build/obj/test.o
 .ARM.attributes
                0x000000000000042f       0x33 build/obj/testthd.o
 .ARM.attributes
                0x0000000000000462       0x33 build/obj/testsem.o
 .ARM.attributes
                0x0000000000000495       0x33 build/obj/testmtx.o
 .ARM.attributes
                0x00000000000004c8       0x33 build/obj/testmsg.o
 .ARM.attributes
                0x00000000000004fb       0x33 build/obj/testmbox.o
 .ARM.attributes
                0x000000000000052e       0x33 build/obj/testevt.o
 .ARM.attributes
                0x0000000000000561       0x33 build/obj/testheap.o
 .ARM.attributes
                0x0000000000000594       0x33 build/obj/testpools.o
 .ARM.attributes
                0x00000000000005c7       0x33 build/obj/testdyn.o
 .ARM.attributes
                0x00000000000005fa       0x33 build/obj/testqueues.o
 .ARM.attributes
                0x000000000000062d       0x33 build/obj/testbmk.o
 .ARM.attributes
                0x0000000000000660       0x33 build/obj/hal.o
 .ARM.attributes
                0x0000000000000693       0x33 build/obj/serial.o
 .ARM.attributes
                0x00000000000006c6       0x33 build/obj/hal_lld.o
 .ARM.attributes
                0x00000000000006f9       0x33 build/obj/pal_lld.o
 .ARM.attributes
                0x000000000000072c       0x33 build/obj/serial_lld.o
 .ARM.attributes
                0x000000000000075f       0x33 build/obj/board.o
 .ARM.attributes
                0x0000000000000792       0x33 build/obj/main.o

.debug_frame    0x0000000000000000     0x2454
 .debug_frame   0x0000000000000000       0x50 build/obj/crt0.o
 .debug_frame   0x0000000000000050       0x20 build/obj/vectors.o
 .debug_frame   0x0000000000000070       0xa0 build/obj/chcore_v7m.o
 .debug_frame   0x0000000000000110       0x74 build/obj/nvic.o
 .debug_frame   0x0000000000000184       0x5c build/obj/chsys.o
 .debug_frame   0x00000000000001e0       0x58 build/obj/chvt.o
 .debug_frame   0x0000000000000238      0x15c build/obj/chschd.o
 .debug_frame   0x0000000000000394      0x194 build/obj/chthreads.o
 .debug_frame   0x0000000000000528       0x84 build/obj/chdynamic.o
 .debug_frame   0x00000000000005ac       0x3c build/obj/chregistry.o
 .debug_frame   0x00000000000005e8      0x14c build/obj/chsem.o
 .debug_frame   0x0000000000000734       0xec build/obj/chmtx.o
 .debug_frame   0x0000000000000820      0x118 build/obj/chcond.o
 .debug_frame   0x0000000000000938      0x1dc build/obj/chevents.o
 .debug_frame   0x0000000000000b14       0x68 build/obj/chmsg.o
 .debug_frame   0x0000000000000b7c      0x160 build/obj/chmboxes.o
 .debug_frame   0x0000000000000cdc      0x190 build/obj/chqueues.o
 .debug_frame   0x0000000000000e6c       0x68 build/obj/chmemcore.o
 .debug_frame   0x0000000000000ed4       0xb4 build/obj/chheap.o
 .debug_frame   0x0000000000000f88       0x7c build/obj/chmempools.o
 .debug_frame   0x0000000000001004      0x238 build/obj/test.o
 .debug_frame   0x000000000000123c       0xf0 build/obj/testthd.o
 .debug_frame   0x000000000000132c      0x180 build/obj/testsem.o
 .debug_frame   0x00000000000014ac      0x458 build/obj/testmtx.o
 .debug_frame   0x0000000000001904       0x54 build/obj/testmsg.o
 .debug_frame   0x0000000000001958       0x4c build/obj/testmbox.o
 .debug_frame   0x00000000000019a4      0x120 build/obj/testevt.o
 .debug_frame   0x0000000000001ac4       0x4c build/obj/testheap.o
 .debug_frame   0x0000000000001b10       0x5c build/obj/testpools.o
 .debug_frame   0x0000000000001b6c      0x104 build/obj/testdyn.o
 .debug_frame   0x0000000000001c70      0x118 build/obj/testqueues.o
 .debug_frame   0x0000000000001d88      0x364 build/obj/testbmk.o
 .debug_frame   0x00000000000020ec       0x50 build/obj/hal.o
 .debug_frame   0x000000000000213c      0x14c build/obj/serial.o
 .debug_frame   0x0000000000002288       0x44 build/obj/hal_lld.o
 .debug_frame   0x00000000000022cc       0x6c build/obj/pal_lld.o
 .debug_frame   0x0000000000002338       0xa4 build/obj/serial_lld.o
 .debug_frame   0x00000000000023dc       0x30 build/obj/board.o
 .debug_frame   0x000000000000240c       0x48 build/obj/main.o

Cross Reference Table

Symbol                                            File
BusFaultVector                                    build/obj/vectors.o
DebugMonitorVector                                build/obj/vectors.o
HardFaultVector                                   build/obj/vectors.o
MemManageVector                                   build/obj/vectors.o
NMIVector                                         build/obj/vectors.o
PendSVVector                                      build/obj/vectors.o
ResetHandler                                      build/obj/crt0.o
                                                  build/obj/vectors.o
SD1                                               build/obj/serial_lld.o
                                                  build/obj/main.o
SVCallVector                                      build/obj/chcore_v7m.o
                                                  build/obj/vectors.o
SysTickVector                                     build/obj/chcore_v7m.o
                                                  build/obj/vectors.o
TestThread                                        build/obj/test.o
                                                  build/obj/main.o
UsageFaultVector                                  build/obj/vectors.o
Vector100                                         build/obj/vectors.o
Vector104                                         build/obj/vectors.o
Vector108                                         build/obj/vectors.o
Vector10C                                         build/obj/vectors.o
Vector110                                         build/obj/vectors.o
Vector114                                         build/obj/vectors.o
Vector118                                         build/obj/vectors.o
Vector11C                                         build/obj/vectors.o
Vector120                                         build/obj/vectors.o
Vector124                                         build/obj/vectors.o
Vector128                                         build/obj/vectors.o
Vector12C                                         build/obj/vectors.o
Vector130                                         build/obj/vectors.o
Vector134                                         build/obj/vectors.o
Vector138                                         build/obj/vectors.o
Vector13C                                         build/obj/vectors.o
Vector140                                         build/obj/vectors.o
Vector144                                         build/obj/vectors.o
Vector148                                         build/obj/vectors.o
Vector14C                                         build/obj/vectors.o
Vector150                                         build/obj/vectors.o
Vector154                                         build/obj/vectors.o
Vector158                                         build/obj/vectors.o
Vector15C                                         build/obj/vectors.o
Vector160                                         build/obj/vectors.o
Vector164                                         build/obj/vectors.o
Vector168                                         build/obj/vectors.o
Vector16C                                         build/obj/vectors.o
Vector170                                         build/obj/vectors.o
Vector174                                         build/obj/vectors.o
Vector178                                         build/obj/vectors.o
Vector17C                                         build/obj/vectors.o
Vector180                                         build/obj/vectors.o
Vector184                                         build/obj/vectors.o
Vector1C                                          build/obj/vectors.o
Vector20                                          build/obj/vectors.o
Vector24                                          build/obj/vectors.o
Vector28                                          build/obj/vectors.o
Vector34                                          build/obj/vectors.o
Vector40                                          build/obj/vectors.o
Vector44                                          build/obj/vectors.o
Vector48                                          build/obj/vectors.o
Vector4C                                          build/obj/vectors.o
Vector50                                          build/obj/vectors.o
Vector54                                          build/obj/vectors.o
Vector58                                          build/obj/vectors.o
Vector5C                                          build/obj/vectors.o
Vector60                                          build/obj/vectors.o
Vector64                                          build/obj/vectors.o
Vector68                                          build/obj/vectors.o
Vector6C                                          build/obj/vectors.o
Vector70                                          build/obj/vectors.o
Vector74                                          build/obj/vectors.o
Vector78                                          build/obj/vectors.o